Archive member included to satisfy reference by file (symbol)

/usr/lib/x86_64-linux-gnu/libc_nonshared.a(elf-init.oS)
                              /usr/lib/gcc/x86_64-linux-gnu/5/../../../x86_64-linux-gnu/crt1.o (__libc_csu_init)

Allocating common symbols
Common symbol       size              file

ports               0x1e0             /tmp/ccs8m0sh.o

Discarded input sections

 .note.GNU-stack
                0x0000000000000000        0x0 /usr/lib/gcc/x86_64-linux-gnu/5/../../../x86_64-linux-gnu/crt1.o
 .note.GNU-stack
                0x0000000000000000        0x0 /usr/lib/gcc/x86_64-linux-gnu/5/../../../x86_64-linux-gnu/crti.o
 .note.GNU-stack
                0x0000000000000000        0x0 /usr/lib/gcc/x86_64-linux-gnu/5/crtbegin.o
 .note.GNU-stack
                0x0000000000000000        0x0 /tmp/ccsmK0bj.o
 .note.GNU-stack
                0x0000000000000000        0x0 /tmp/ccqgKcSQ.o
 .note.GNU-stack
                0x0000000000000000        0x0 /tmp/ccmvUIFo.o
 .note.GNU-stack
                0x0000000000000000        0x0 /tmp/ccs4N2BW.o
 .note.GNU-stack
                0x0000000000000000        0x0 /tmp/cc57TpFu.o
 .note.GNU-stack
                0x0000000000000000        0x0 /tmp/ccQGWUT2.o
 .note.GNU-stack
                0x0000000000000000        0x0 /tmp/cciBuFhB.o
 .note.GNU-stack
                0x0000000000000000        0x0 /tmp/ccRv0iQ9.o
 .note.GNU-stack
                0x0000000000000000        0x0 /tmp/ccOfrqAI.o
 .note.GNU-stack
                0x0000000000000000        0x0 /tmp/ccs8m0sh.o
 .note.GNU-stack
                0x0000000000000000        0x0 /usr/lib/x86_64-linux-gnu/libc_nonshared.a(elf-init.oS)
 .note.GNU-stack
                0x0000000000000000        0x0 /usr/lib/gcc/x86_64-linux-gnu/5/crtend.o
 .note.GNU-stack
                0x0000000000000000        0x0 /usr/lib/gcc/x86_64-linux-gnu/5/../../../x86_64-linux-gnu/crtn.o

Memory Configuration

Name             Origin             Length             Attributes
*default*        0x0000000000000000 0xffffffffffffffff

Linker script and memory map

LOAD /usr/lib/gcc/x86_64-linux-gnu/5/../../../x86_64-linux-gnu/crt1.o
LOAD /usr/lib/gcc/x86_64-linux-gnu/5/../../../x86_64-linux-gnu/crti.o
LOAD /usr/lib/gcc/x86_64-linux-gnu/5/crtbegin.o
LOAD /tmp/ccsmK0bj.o
LOAD /tmp/ccqgKcSQ.o
LOAD /tmp/ccmvUIFo.o
LOAD /tmp/ccs4N2BW.o
LOAD /tmp/cc57TpFu.o
LOAD /tmp/ccQGWUT2.o
LOAD /tmp/cciBuFhB.o
LOAD /tmp/ccRv0iQ9.o
LOAD /tmp/ccOfrqAI.o
LOAD /tmp/ccs8m0sh.o
LOAD /usr/lib/gcc/x86_64-linux-gnu/5/libgcc.a
LOAD /usr/lib/gcc/x86_64-linux-gnu/5/libgcc_s.so
LOAD /usr/lib/gcc/x86_64-linux-gnu/5/../../../x86_64-linux-gnu/libc.so
START GROUP
LOAD /lib/x86_64-linux-gnu/libc.so.6
LOAD /usr/lib/x86_64-linux-gnu/libc_nonshared.a
LOAD /lib/x86_64-linux-gnu/ld-linux-x86-64.so.2
END GROUP
LOAD /usr/lib/gcc/x86_64-linux-gnu/5/libgcc.a
LOAD /usr/lib/gcc/x86_64-linux-gnu/5/libgcc_s.so
LOAD /usr/lib/gcc/x86_64-linux-gnu/5/crtend.o
LOAD /usr/lib/gcc/x86_64-linux-gnu/5/../../../x86_64-linux-gnu/crtn.o
                [!provide]                        PROVIDE (__executable_start, 0x400000)
                0x0000000000400238                . = (0x400000 + SIZEOF_HEADERS)

.interp         0x0000000000400238       0x1c
 *(.interp)
 .interp        0x0000000000400238       0x1c /usr/lib/gcc/x86_64-linux-gnu/5/../../../x86_64-linux-gnu/crt1.o

.note.ABI-tag   0x0000000000400254       0x20
 .note.ABI-tag  0x0000000000400254       0x20 /usr/lib/gcc/x86_64-linux-gnu/5/../../../x86_64-linux-gnu/crt1.o

.note.gnu.build-id
                0x0000000000400274       0x24
 *(.note.gnu.build-id)
 .note.gnu.build-id
                0x0000000000400274       0x24 /usr/lib/gcc/x86_64-linux-gnu/5/../../../x86_64-linux-gnu/crt1.o

.hash
 *(.hash)

.gnu.hash       0x0000000000400298       0x24
 *(.gnu.hash)
 .gnu.hash      0x0000000000400298       0x24 /usr/lib/gcc/x86_64-linux-gnu/5/../../../x86_64-linux-gnu/crt1.o

.dynsym         0x00000000004002c0      0x288
 *(.dynsym)
 .dynsym        0x00000000004002c0      0x288 /usr/lib/gcc/x86_64-linux-gnu/5/../../../x86_64-linux-gnu/crt1.o

.dynstr         0x0000000000400548      0x116
 *(.dynstr)
 .dynstr        0x0000000000400548      0x116 /usr/lib/gcc/x86_64-linux-gnu/5/../../../x86_64-linux-gnu/crt1.o

.gnu.version    0x000000000040065e       0x36
 *(.gnu.version)
 .gnu.version   0x000000000040065e       0x36 /usr/lib/gcc/x86_64-linux-gnu/5/../../../x86_64-linux-gnu/crt1.o

.gnu.version_d  0x0000000000400698        0x0
 *(.gnu.version_d)
 .gnu.version_d
                0x0000000000400698        0x0 /usr/lib/gcc/x86_64-linux-gnu/5/../../../x86_64-linux-gnu/crt1.o

.gnu.version_r  0x0000000000400698       0x40
 *(.gnu.version_r)
 .gnu.version_r
                0x0000000000400698       0x40 /usr/lib/gcc/x86_64-linux-gnu/5/../../../x86_64-linux-gnu/crt1.o

.rela.dyn       0x00000000004006d8       0x30
 *(.rela.init)
 *(.rela.text .rela.text.* .rela.gnu.linkonce.t.*)
 .rela.text     0x00000000004006d8        0x0 /usr/lib/gcc/x86_64-linux-gnu/5/../../../x86_64-linux-gnu/crt1.o
 *(.rela.fini)
 *(.rela.rodata .rela.rodata.* .rela.gnu.linkonce.r.*)
 *(.rela.data .rela.data.* .rela.gnu.linkonce.d.*)
 *(.rela.tdata .rela.tdata.* .rela.gnu.linkonce.td.*)
 *(.rela.tbss .rela.tbss.* .rela.gnu.linkonce.tb.*)
 *(.rela.ctors)
 *(.rela.dtors)
 *(.rela.got)
 .rela.got      0x00000000004006d8       0x18 /usr/lib/gcc/x86_64-linux-gnu/5/../../../x86_64-linux-gnu/crt1.o
 *(.rela.bss .rela.bss.* .rela.gnu.linkonce.b.*)
 .rela.bss      0x00000000004006f0       0x18 /usr/lib/gcc/x86_64-linux-gnu/5/../../../x86_64-linux-gnu/crt1.o
 *(.rela.ldata .rela.ldata.* .rela.gnu.linkonce.l.*)
 *(.rela.lbss .rela.lbss.* .rela.gnu.linkonce.lb.*)
 *(.rela.lrodata .rela.lrodata.* .rela.gnu.linkonce.lr.*)
 *(.rela.ifunc)

.rela.plt       0x0000000000400708      0x240
 *(.rela.plt)
 .rela.plt      0x0000000000400708      0x240 /usr/lib/gcc/x86_64-linux-gnu/5/../../../x86_64-linux-gnu/crt1.o
                [!provide]                        PROVIDE (__rela_iplt_start, .)
 *(.rela.iplt)
 .rela.iplt     0x0000000000400948        0x0 /usr/lib/gcc/x86_64-linux-gnu/5/../../../x86_64-linux-gnu/crt1.o
                [!provide]                        PROVIDE (__rela_iplt_end, .)

.init           0x0000000000400948       0x1a
 *(SORT(.init))
 .init          0x0000000000400948       0x15 /usr/lib/gcc/x86_64-linux-gnu/5/../../../x86_64-linux-gnu/crti.o
                0x0000000000400948                _init
 .init          0x000000000040095d        0x5 /usr/lib/gcc/x86_64-linux-gnu/5/../../../x86_64-linux-gnu/crtn.o

.plt            0x0000000000400970      0x190
 *(.plt)
 .plt           0x0000000000400970      0x190 /usr/lib/gcc/x86_64-linux-gnu/5/../../../x86_64-linux-gnu/crt1.o
                0x0000000000400980                free@@GLIBC_2.2.5
                0x0000000000400990                __errno_location@@GLIBC_2.2.5
                0x00000000004009a0                write@@GLIBC_2.2.5
                0x00000000004009b0                cfsetospeed@@GLIBC_2.2.5
                0x00000000004009c0                __stack_chk_fail@@GLIBC_2.4
                0x00000000004009d0                gettimeofday@@GLIBC_2.2.5
                0x00000000004009e0                memset@@GLIBC_2.2.5
                0x00000000004009f0                ioctl@@GLIBC_2.2.5
                0x0000000000400a00                close@@GLIBC_2.2.5
                0x0000000000400a10                read@@GLIBC_2.2.5
                0x0000000000400a20                __libc_start_main@@GLIBC_2.2.5
                0x0000000000400a30                memcmp@@GLIBC_2.2.5
                0x0000000000400a40                fprintf@@GLIBC_2.2.5
                0x0000000000400a50                memcpy@@GLIBC_2.14
                0x0000000000400a60                malloc@@GLIBC_2.2.5
                0x0000000000400a70                realloc@@GLIBC_2.2.5
                0x0000000000400a80                memmove@@GLIBC_2.2.5
                0x0000000000400a90                fsync@@GLIBC_2.2.5
                0x0000000000400aa0                tcgetattr@@GLIBC_2.2.5
                0x0000000000400ab0                tcsetattr@@GLIBC_2.2.5
                0x0000000000400ac0                open@@GLIBC_2.2.5
                0x0000000000400ad0                cfsetispeed@@GLIBC_2.2.5
                0x0000000000400ae0                perror@@GLIBC_2.2.5
                0x0000000000400af0                rand@@GLIBC_2.2.5
 *(.iplt)
 .iplt          0x0000000000400b00        0x0 /usr/lib/gcc/x86_64-linux-gnu/5/../../../x86_64-linux-gnu/crt1.o

.plt.got        0x0000000000400b00        0x8
 *(.plt.got)
 .plt.got       0x0000000000400b00        0x8 /usr/lib/gcc/x86_64-linux-gnu/5/../../../x86_64-linux-gnu/crt1.o

.plt.bnd
 *(.plt.bnd)

.text           0x0000000000400b10     0x26d2
 *(.text.unlikely .text.*_unlikely .text.unlikely.*)
 .text.unlikely
                0x0000000000400b10        0x0 /usr/lib/gcc/x86_64-linux-gnu/5/crtbegin.o
 .text.unlikely
                0x0000000000400b10        0x0 /usr/lib/x86_64-linux-gnu/libc_nonshared.a(elf-init.oS)
 *(.text.exit .text.exit.*)
 *(.text.startup .text.startup.*)
 *(.text.hot .text.hot.*)
 *(.text .stub .text.* .gnu.linkonce.t.*)
 .text          0x0000000000400b10       0x2a /usr/lib/gcc/x86_64-linux-gnu/5/../../../x86_64-linux-gnu/crt1.o
                0x0000000000400b10                _start
 .text          0x0000000000400b3a        0x0 /usr/lib/gcc/x86_64-linux-gnu/5/../../../x86_64-linux-gnu/crti.o
 *fill*         0x0000000000400b3a        0x6 
 .text          0x0000000000400b40       0xc6 /usr/lib/gcc/x86_64-linux-gnu/5/crtbegin.o
 .text          0x0000000000400c06       0xd0 /tmp/ccsmK0bj.o
                0x0000000000400c3c                ezbus_thread
 .text          0x0000000000400cd6        0x0 /tmp/ccqgKcSQ.o
 .text          0x0000000000400cd6       0x51 /tmp/ccmvUIFo.o
                0x0000000000400cd6                main
 .text          0x0000000000400d27      0x4b1 /tmp/ccs4N2BW.o
                0x0000000000400d27                ezbus_address_compare
                0x0000000000400d51                ezbus_address_copy
                0x0000000000400d7b                ezbus_address_swap
                0x0000000000400dea                ezbus_address_list_init
                0x0000000000400e16                ezbus_address_list_deinit
                0x0000000000400e8a                ezbus_address_list_append
                0x0000000000400fd8                ezbus_address_list_take
                0x00000000004010dd                ezbus_address_list_at
                0x0000000000401146                ezbus_address_list_count
                0x000000000040115b                ezbus_address_list_empty
                0x0000000000401175                ezbus_address_list_lookup
 .text          0x00000000004011d8       0xaa /tmp/cc57TpFu.o
                0x00000000004011d8                ezbus_crc
                0x0000000000401238                ezbus_crc_update
 .text          0x0000000000401282      0x81d /tmp/ccQGWUT2.o
                0x0000000000401282                ezbus_instance_run
                0x0000000000401333                ezbus_instance_init_struct
                0x0000000000401374                ezbus_instance_init
                0x00000000004013db                ezbus_instance_deinit
                0x0000000000401477                ezbus_instance_tx_disco
                0x0000000000401573                ezbus_instance_tx_give_token
                0x0000000000401643                ezbus_instance_tx_take_token
                0x0000000000401711                ezbus_instance_tx_ack
                0x0000000000401720                ezbus_instance_tx_parcel
                0x000000000040172f                ezbus_instance_tx_reset
                0x000000000040173e                ezbus_instance_tx_speed
                0x0000000000401837                ezbus_instance_rx_disco
                0x00000000004018e0                ezbus_instance_rx_give_token
                0x00000000004018fb                ezbus_instance_rx_take_token
                0x0000000000401906                ezbus_instance_rx_ack
                0x0000000000401999                ezbus_instance_rx_parcel
                0x00000000004019a4                ezbus_instance_rx_reset
                0x00000000004019af                ezbus_instance_rx_speed
 .text          0x0000000000401a9f      0x2cf /tmp/cciBuFhB.o
                0x0000000000401a9f                ezbus_packet_init
                0x0000000000401ac4                ezbus_packet_deinit
                0x0000000000401afc                ezbus_packet_set_parcel
                0x0000000000401b82                ezbus_packet_clear_parcel
                0x0000000000401bcc                ezbus_packet_calc_crc
                0x0000000000401c1a                ezbus_packet_calc_parcel_crc
                0x0000000000401c6a                ezbus_packet_calc_speed_crc
                0x0000000000401cba                ezbus_packet_flip16
                0x0000000000401ced                ezbus_packet_flip32
                0x0000000000401d2c                ezbuf_packet_bytes_to_send
 .text          0x0000000000401d6e      0x84b /tmp/ccRv0iQ9.o
                0x0000000000401d6e                ezbus_packet_queue_init
                0x0000000000401dbd                ezbus_packet_queue_deinit
                0x0000000000401e55                ezbus_packet_queue_append
                0x0000000000401fbc                ezbus_packet_queue_take_first
                0x00000000004020dc                ezbus_packet_queue_take_last
                0x00000000004021dc                ezbus_packet_queue_take_at
                0x000000000040231f                ezbus_packet_queue_touch_at
                0x00000000004023a1                ezbus_packet_queue_age_at
                0x0000000000402416                ezbus_packet_queue_count
                0x0000000000402427                ezbus_packet_queue_limit
                0x0000000000402438                ezbus_packet_queue_full
                0x0000000000402458                ezbus_packet_queue_empty
                0x0000000000402471                ezbus_packet_queue_can_tx
                0x000000000040255d                ezbus_packet_queue_index_of_seq
 .text          0x00000000004025b9      0x617 /tmp/ccOfrqAI.o
                0x00000000004025b9                ezbus_platform_open
                0x00000000004026af                ezbus_platform_send
                0x0000000000402717                ezbus_platform_recv
                0x000000000040274c                ezbus_platform_getc
                0x00000000004027ae                ezbus_platform_close
                0x00000000004027cb                ezbus_platform_drain
                0x00000000004027eb                ezbus_platform_set_speed
                0x0000000000402906                ezbus_platform_flush
                0x0000000000402923                ezbus_platform_memset
                0x000000000040294d                ezbus_platform_memcpy
                0x000000000040297a                ezbus_platform_memmove
                0x00000000004029a7                ezbus_platform_memcmp
                0x00000000004029d4                ezbus_platform_malloc
                0x00000000004029ee                ezbus_platform_realloc
                0x0000000000402a13                ezbus_platform_free
                0x0000000000402a2e                ezbus_platform_get_ms_ticks
                0x0000000000402aa7                ezbus_platform_address
 .text          0x0000000000402bd0      0x592 /tmp/ccs8m0sh.o
                0x0000000000402bd0                ezbus_port_open
                0x0000000000402c4d                ezbus_port_send
                0x0000000000402e42                ezbus_port_recv
                0x000000000040303a                ezbus_port_getch
                0x0000000000403054                ezbus_port_close
                0x000000000040306f                ezbus_port_drain
                0x000000000040308a                ezbus_port_set_speed
                0x00000000004030d0                ezbus_port_get_speed
                0x00000000004030e1                ezbus_port_byte_time_ns
                0x0000000000403117                ezbus_port_packet_timeout_time_ms
 *fill*         0x0000000000403162        0xe 
 .text          0x0000000000403170       0x72 /usr/lib/x86_64-linux-gnu/libc_nonshared.a(elf-init.oS)
                0x0000000000403170                __libc_csu_init
                0x00000000004031e0                __libc_csu_fini
 .text          0x00000000004031e2        0x0 /usr/lib/gcc/x86_64-linux-gnu/5/crtend.o
 .text          0x00000000004031e2        0x0 /usr/lib/gcc/x86_64-linux-gnu/5/../../../x86_64-linux-gnu/crtn.o
 *(.gnu.warning)

.fini           0x00000000004031e4        0x9
 *(SORT(.fini))
 .fini          0x00000000004031e4        0x4 /usr/lib/gcc/x86_64-linux-gnu/5/../../../x86_64-linux-gnu/crti.o
                0x00000000004031e4                _fini
 .fini          0x00000000004031e8        0x5 /usr/lib/gcc/x86_64-linux-gnu/5/../../../x86_64-linux-gnu/crtn.o
                [!provide]                        PROVIDE (__etext, .)
                [!provide]                        PROVIDE (_etext, .)
                [!provide]                        PROVIDE (etext, .)

.rodata         0x0000000000403200      0x341
 *(.rodata .rodata.* .gnu.linkonce.r.*)
 .rodata.cst4   0x0000000000403200        0x4 /usr/lib/gcc/x86_64-linux-gnu/5/../../../x86_64-linux-gnu/crt1.o
                0x0000000000403200                _IO_stdin_used
 *fill*         0x0000000000403204        0x4 
 .rodata        0x0000000000403208       0x45 /tmp/ccsmK0bj.o
 .rodata        0x000000000040324d       0x17 /tmp/ccmvUIFo.o
 *fill*         0x0000000000403264        0x4 
 .rodata        0x0000000000403268       0x1c /tmp/ccs4N2BW.o
                0x0000000000403268                ezbus_broadcast_address
                0x0000000000403278                ezbus_controller_address
 *fill*         0x0000000000403284       0x1c 
 .rodata        0x00000000004032a0      0x200 /tmp/cc57TpFu.o
 .rodata        0x00000000004034a0       0x38 /tmp/ccQGWUT2.o
 .rodata        0x00000000004034d8       0x69 /tmp/ccOfrqAI.o

.rodata1
 *(.rodata1)

.eh_frame_hdr   0x0000000000403544      0x304
 *(.eh_frame_hdr)
 .eh_frame_hdr  0x0000000000403544      0x304 /usr/lib/gcc/x86_64-linux-gnu/5/../../../x86_64-linux-gnu/crt1.o
                0x0000000000403544                __GNU_EH_FRAME_HDR
 *(.eh_frame_entry .eh_frame_entry.*)

.eh_frame       0x0000000000403848      0xc3c
 *(.eh_frame)
 .eh_frame      0x0000000000403848       0x30 /usr/lib/gcc/x86_64-linux-gnu/5/../../../x86_64-linux-gnu/crt1.o
 .eh_frame      0x0000000000403878       0x40 /usr/lib/gcc/x86_64-linux-gnu/5/../../../x86_64-linux-gnu/crt1.o
 .eh_frame      0x00000000004038b8       0x40 /tmp/ccsmK0bj.o
                                         0x58 (size before relaxing)
 .eh_frame      0x00000000004038f8       0x20 /tmp/ccmvUIFo.o
                                         0x38 (size before relaxing)
 .eh_frame      0x0000000000403918      0x160 /tmp/ccs4N2BW.o
                                        0x178 (size before relaxing)
 .eh_frame      0x0000000000403a78       0x40 /tmp/cc57TpFu.o
                                         0x58 (size before relaxing)
 .eh_frame      0x0000000000403ab8      0x2c0 /tmp/ccQGWUT2.o
                                        0x2d8 (size before relaxing)
 .eh_frame      0x0000000000403d78      0x140 /tmp/cciBuFhB.o
                                        0x158 (size before relaxing)
 .eh_frame      0x0000000000403eb8      0x1c0 /tmp/ccRv0iQ9.o
                                        0x1d8 (size before relaxing)
 .eh_frame      0x0000000000404078      0x240 /tmp/ccOfrqAI.o
                                        0x258 (size before relaxing)
 .eh_frame      0x00000000004042b8      0x168 /tmp/ccs8m0sh.o
                                        0x180 (size before relaxing)
 .eh_frame      0x0000000000404420       0x60 /usr/lib/x86_64-linux-gnu/libc_nonshared.a(elf-init.oS)
                                         0x78 (size before relaxing)
 .eh_frame      0x0000000000404480        0x4 /usr/lib/gcc/x86_64-linux-gnu/5/crtend.o
 *(.eh_frame.*)

.gcc_except_table
 *(.gcc_except_table .gcc_except_table.*)

.gnu_extab
 *(.gnu_extab*)

.exception_ranges
 *(.exception_ranges .exception_ranges*)
                0x0000000000604e10                . = DATA_SEGMENT_ALIGN (0x200000, 0x1000)

.eh_frame
 *(.eh_frame)
 *(.eh_frame.*)

.gnu_extab
 *(.gnu_extab)

.gcc_except_table
 *(.gcc_except_table .gcc_except_table.*)

.exception_ranges
 *(.exception_ranges .exception_ranges*)

.tdata
 *(.tdata .tdata.* .gnu.linkonce.td.*)

.tbss
 *(.tbss .tbss.* .gnu.linkonce.tb.*)
 *(.tcommon)

.preinit_array  0x0000000000604e10        0x0
                [!provide]                        PROVIDE (__preinit_array_start, .)
 *(.preinit_array)
                [!provide]                        PROVIDE (__preinit_array_end, .)

.init_array     0x0000000000604e10        0x8
                0x0000000000604e10                PROVIDE (__init_array_start, .)
 *(SORT(.init_array.*) SORT(.ctors.*))
 *(.init_array EXCLUDE_FILE(*crtend?.o *crtend.o *crtbegin?.o *crtbegin.o) .ctors)
 .init_array    0x0000000000604e10        0x8 /usr/lib/gcc/x86_64-linux-gnu/5/crtbegin.o
                0x0000000000604e18                PROVIDE (__init_array_end, .)

.fini_array     0x0000000000604e18        0x8
                [!provide]                        PROVIDE (__fini_array_start, .)
 *(SORT(.fini_array.*) SORT(.dtors.*))
 *(.fini_array EXCLUDE_FILE(*crtend?.o *crtend.o *crtbegin?.o *crtbegin.o) .dtors)
 .fini_array    0x0000000000604e18        0x8 /usr/lib/gcc/x86_64-linux-gnu/5/crtbegin.o
                [!provide]                        PROVIDE (__fini_array_end, .)

.ctors
 *crtbegin.o(.ctors)
 *crtbegin?.o(.ctors)
 *(EXCLUDE_FILE(*crtend?.o *crtend.o) .ctors)
 *(SORT(.ctors.*))
 *(.ctors)

.dtors
 *crtbegin.o(.dtors)
 *crtbegin?.o(.dtors)
 *(EXCLUDE_FILE(*crtend?.o *crtend.o) .dtors)
 *(SORT(.dtors.*))
 *(.dtors)

.jcr            0x0000000000604e20        0x8
 *(.jcr)
 .jcr           0x0000000000604e20        0x0 /usr/lib/gcc/x86_64-linux-gnu/5/crtbegin.o
 .jcr           0x0000000000604e20        0x8 /usr/lib/gcc/x86_64-linux-gnu/5/crtend.o

.data.rel.ro
 *(.data.rel.ro.local* .gnu.linkonce.d.rel.ro.local.*)
 *(.data.rel.ro .data.rel.ro.* .gnu.linkonce.d.rel.ro.*)

.dynamic        0x0000000000604e28      0x1d0
 *(.dynamic)
 .dynamic       0x0000000000604e28      0x1d0 /usr/lib/gcc/x86_64-linux-gnu/5/../../../x86_64-linux-gnu/crt1.o
                0x0000000000604e28                _DYNAMIC

.got            0x0000000000604ff8        0x8
 *(.got)
 .got           0x0000000000604ff8        0x8 /usr/lib/gcc/x86_64-linux-gnu/5/../../../x86_64-linux-gnu/crt1.o
 *(.igot)
                0x0000000000605fe8                . = DATA_SEGMENT_RELRO_END (., (SIZEOF (.got.plt) >= 0x18)?0x18:0x0)

.got.plt        0x0000000000605000       0xd8
 *(.got.plt)
 .got.plt       0x0000000000605000       0xd8 /usr/lib/gcc/x86_64-linux-gnu/5/../../../x86_64-linux-gnu/crt1.o
                0x0000000000605000                _GLOBAL_OFFSET_TABLE_
 *(.igot.plt)
 .igot.plt      0x00000000006050d8        0x0 /usr/lib/gcc/x86_64-linux-gnu/5/../../../x86_64-linux-gnu/crt1.o

.data           0x00000000006050e0       0x48
 *(.data .data.* .gnu.linkonce.d.*)
 .data          0x00000000006050e0        0x4 /usr/lib/gcc/x86_64-linux-gnu/5/../../../x86_64-linux-gnu/crt1.o
                0x00000000006050e0                data_start
                0x00000000006050e0                __data_start
 .data          0x00000000006050e4        0x0 /usr/lib/gcc/x86_64-linux-gnu/5/../../../x86_64-linux-gnu/crti.o
 *fill*         0x00000000006050e4        0x4 
 .data          0x00000000006050e8        0x8 /usr/lib/gcc/x86_64-linux-gnu/5/crtbegin.o
                0x00000000006050e8                __dso_handle
 .data          0x00000000006050f0        0x0 /tmp/ccsmK0bj.o
 .data          0x00000000006050f0        0x0 /tmp/ccqgKcSQ.o
 .data          0x00000000006050f0        0x0 /tmp/ccmvUIFo.o
 .data          0x00000000006050f0        0x0 /tmp/ccs4N2BW.o
 .data          0x00000000006050f0        0x0 /tmp/cc57TpFu.o
 .data          0x00000000006050f0        0x0 /tmp/ccQGWUT2.o
 .data          0x00000000006050f0        0x0 /tmp/cciBuFhB.o
 .data          0x00000000006050f0        0x0 /tmp/ccRv0iQ9.o
 .data          0x00000000006050f0        0x0 /tmp/ccOfrqAI.o
 *fill*         0x00000000006050f0       0x10 
 .data          0x0000000000605100       0x28 /tmp/ccs8m0sh.o
                0x0000000000605100                ezbus_port_speeds
 .data          0x0000000000605128        0x0 /usr/lib/x86_64-linux-gnu/libc_nonshared.a(elf-init.oS)
 .data          0x0000000000605128        0x0 /usr/lib/gcc/x86_64-linux-gnu/5/crtend.o
 .data          0x0000000000605128        0x0 /usr/lib/gcc/x86_64-linux-gnu/5/../../../x86_64-linux-gnu/crtn.o

.tm_clone_table
                0x0000000000605128        0x0
 .tm_clone_table
                0x0000000000605128        0x0 /usr/lib/gcc/x86_64-linux-gnu/5/crtbegin.o
 .tm_clone_table
                0x0000000000605128        0x0 /usr/lib/gcc/x86_64-linux-gnu/5/crtend.o

.data1
 *(.data1)
                0x0000000000605128                _edata = .
                [!provide]                        PROVIDE (edata, .)
                0x0000000000605128                . = .
                0x0000000000605128                __bss_start = .

.bss            0x0000000000605140      0x200
 *(.dynbss)
 .dynbss        0x0000000000605140        0x8 /usr/lib/gcc/x86_64-linux-gnu/5/../../../x86_64-linux-gnu/crt1.o
                0x0000000000605140                stderr@@GLIBC_2.2.5
 *(.bss .bss.* .gnu.linkonce.b.*)
 .bss           0x0000000000605148        0x0 /usr/lib/gcc/x86_64-linux-gnu/5/../../../x86_64-linux-gnu/crt1.o
 .bss           0x0000000000605148        0x0 /usr/lib/gcc/x86_64-linux-gnu/5/../../../x86_64-linux-gnu/crti.o
 .bss           0x0000000000605148        0x1 /usr/lib/gcc/x86_64-linux-gnu/5/crtbegin.o
 .bss           0x0000000000605149        0x0 /tmp/ccsmK0bj.o
 .bss           0x0000000000605149        0x0 /tmp/ccqgKcSQ.o
 .bss           0x0000000000605149        0x0 /tmp/ccmvUIFo.o
 .bss           0x0000000000605149        0x0 /tmp/ccs4N2BW.o
 .bss           0x0000000000605149        0x0 /tmp/cc57TpFu.o
 .bss           0x0000000000605149        0x0 /tmp/ccQGWUT2.o
 .bss           0x0000000000605149        0x0 /tmp/cciBuFhB.o
 .bss           0x0000000000605149        0x0 /tmp/ccRv0iQ9.o
 *fill*         0x0000000000605149        0x7 
 .bss           0x0000000000605150        0xc /tmp/ccOfrqAI.o
 .bss           0x000000000060515c        0x0 /tmp/ccs8m0sh.o
 .bss           0x000000000060515c        0x0 /usr/lib/x86_64-linux-gnu/libc_nonshared.a(elf-init.oS)
 .bss           0x000000000060515c        0x0 /usr/lib/gcc/x86_64-linux-gnu/5/crtend.o
 .bss           0x000000000060515c        0x0 /usr/lib/gcc/x86_64-linux-gnu/5/../../../x86_64-linux-gnu/crtn.o
 *(COMMON)
 *fill*         0x000000000060515c        0x4 
 COMMON         0x0000000000605160      0x1e0 /tmp/ccs8m0sh.o
                0x0000000000605160                ports
                0x0000000000605340                . = ALIGN ((. != 0x0)?0x8:0x1)

.lbss
 *(.dynlbss)
 *(.lbss .lbss.* .gnu.linkonce.lb.*)
 *(LARGE_COMMON)
                0x0000000000605340                . = ALIGN (0x8)
                0x0000000000605340                . = SEGMENT_START ("ldata-segment", .)

.lrodata
 *(.lrodata .lrodata.* .gnu.linkonce.lr.*)

.ldata          0x0000000000a05340        0x0
 *(.ldata .ldata.* .gnu.linkonce.l.*)
                0x0000000000a05340                . = ALIGN ((. != 0x0)?0x8:0x1)
                0x0000000000a05340                . = ALIGN (0x8)
                0x0000000000a05340                _end = .
                [!provide]                        PROVIDE (end, .)
                0x0000000000a05340                . = DATA_SEGMENT_END (.)

.stab
 *(.stab)

.stabstr
 *(.stabstr)

.stab.excl
 *(.stab.excl)

.stab.exclstr
 *(.stab.exclstr)

.stab.index
 *(.stab.index)

.stab.indexstr
 *(.stab.indexstr)

.comment        0x0000000000000000       0x35
 *(.comment)
 .comment       0x0000000000000000       0x35 /usr/lib/gcc/x86_64-linux-gnu/5/crtbegin.o
                                         0x36 (size before relaxing)
 .comment       0x0000000000000035       0x36 /tmp/ccsmK0bj.o
 .comment       0x0000000000000035       0x36 /tmp/ccqgKcSQ.o
 .comment       0x0000000000000035       0x36 /tmp/ccmvUIFo.o
 .comment       0x0000000000000035       0x36 /tmp/ccs4N2BW.o
 .comment       0x0000000000000035       0x36 /tmp/cc57TpFu.o
 .comment       0x0000000000000035       0x36 /tmp/ccQGWUT2.o
 .comment       0x0000000000000035       0x36 /tmp/cciBuFhB.o
 .comment       0x0000000000000035       0x36 /tmp/ccRv0iQ9.o
 .comment       0x0000000000000035       0x36 /tmp/ccOfrqAI.o
 .comment       0x0000000000000035       0x36 /tmp/ccs8m0sh.o
 .comment       0x0000000000000035       0x36 /usr/lib/gcc/x86_64-linux-gnu/5/crtend.o

.debug
 *(.debug)

.line
 *(.line)

.debug_srcinfo
 *(.debug_srcinfo)

.debug_sfnames
 *(.debug_sfnames)

.debug_aranges  0x0000000000000000      0x1b0
 *(.debug_aranges)
 .debug_aranges
                0x0000000000000000       0x30 /tmp/ccsmK0bj.o
 .debug_aranges
                0x0000000000000030       0x30 /tmp/ccmvUIFo.o
 .debug_aranges
                0x0000000000000060       0x30 /tmp/ccs4N2BW.o
 .debug_aranges
                0x0000000000000090       0x30 /tmp/cc57TpFu.o
 .debug_aranges
                0x00000000000000c0       0x30 /tmp/ccQGWUT2.o
 .debug_aranges
                0x00000000000000f0       0x30 /tmp/cciBuFhB.o
 .debug_aranges
                0x0000000000000120       0x30 /tmp/ccRv0iQ9.o
 .debug_aranges
                0x0000000000000150       0x30 /tmp/ccOfrqAI.o
 .debug_aranges
                0x0000000000000180       0x30 /tmp/ccs8m0sh.o

.debug_pubnames
 *(.debug_pubnames)

.debug_info     0x0000000000000000     0x393b
 *(.debug_info .gnu.linkonce.wi.*)
 .debug_info    0x0000000000000000      0x5f5 /tmp/ccsmK0bj.o
 .debug_info    0x00000000000005f5      0x2e1 /tmp/ccmvUIFo.o
 .debug_info    0x00000000000008d6      0x495 /tmp/ccs4N2BW.o
 .debug_info    0x0000000000000d6b      0x1a6 /tmp/cc57TpFu.o
 .debug_info    0x0000000000000f11      0xb47 /tmp/ccQGWUT2.o
 .debug_info    0x0000000000001a58      0x5b4 /tmp/cciBuFhB.o
 .debug_info    0x000000000000200c      0x8a1 /tmp/ccRv0iQ9.o
 .debug_info    0x00000000000028ad      0x936 /tmp/ccOfrqAI.o
 .debug_info    0x00000000000031e3      0x758 /tmp/ccs8m0sh.o

.debug_abbrev   0x0000000000000000      0xcc1
 *(.debug_abbrev)
 .debug_abbrev  0x0000000000000000      0x16e /tmp/ccsmK0bj.o
 .debug_abbrev  0x000000000000016e       0xcd /tmp/ccmvUIFo.o
 .debug_abbrev  0x000000000000023b      0x11d /tmp/ccs4N2BW.o
 .debug_abbrev  0x0000000000000358       0xdd /tmp/cc57TpFu.o
 .debug_abbrev  0x0000000000000435      0x23a /tmp/ccQGWUT2.o
 .debug_abbrev  0x000000000000066f      0x17a /tmp/cciBuFhB.o
 .debug_abbrev  0x00000000000007e9      0x1d0 /tmp/ccRv0iQ9.o
 .debug_abbrev  0x00000000000009b9      0x177 /tmp/ccOfrqAI.o
 .debug_abbrev  0x0000000000000b30      0x191 /tmp/ccs8m0sh.o

.debug_line     0x0000000000000000      0xd49
 *(.debug_line .debug_line.* .debug_line_end)
 .debug_line    0x0000000000000000      0x144 /tmp/ccsmK0bj.o
 .debug_line    0x0000000000000144        0x0 /tmp/ccqgKcSQ.o
 .debug_line    0x0000000000000144       0xe8 /tmp/ccmvUIFo.o
 .debug_line    0x000000000000022c      0x11b /tmp/ccs4N2BW.o
 .debug_line    0x0000000000000347       0xb8 /tmp/cc57TpFu.o
 .debug_line    0x00000000000003ff      0x222 /tmp/ccQGWUT2.o
 .debug_line    0x0000000000000621       0xf8 /tmp/cciBuFhB.o
 .debug_line    0x0000000000000719      0x1f2 /tmp/ccRv0iQ9.o
 .debug_line    0x000000000000090b      0x25f /tmp/ccOfrqAI.o
 .debug_line    0x0000000000000b6a      0x1df /tmp/ccs8m0sh.o

.debug_frame
 *(.debug_frame)

.debug_str      0x0000000000000000     0x1171
 *(.debug_str)
 .debug_str     0x0000000000000000      0x428 /tmp/ccsmK0bj.o
                                        0x4ad (size before relaxing)
 .debug_str     0x0000000000000428       0x21 /tmp/ccqgKcSQ.o
                                         0xa8 (size before relaxing)
 .debug_str     0x0000000000000449      0x1a6 /tmp/ccmvUIFo.o
                                        0x2c7 (size before relaxing)
 .debug_str     0x00000000000005ef      0x17d /tmp/ccs4N2BW.o
                                        0x2dd (size before relaxing)
 .debug_str     0x000000000000076c       0x49 /tmp/cc57TpFu.o
                                        0x17a (size before relaxing)
 .debug_str     0x00000000000007b5      0x332 /tmp/ccQGWUT2.o
                                        0x7bd (size before relaxing)
 .debug_str     0x0000000000000ae7      0x106 /tmp/cciBuFhB.o
                                        0x373 (size before relaxing)
 .debug_str     0x0000000000000bed      0x19d /tmp/ccRv0iQ9.o
                                        0x3f1 (size before relaxing)
 .debug_str     0x0000000000000d8a      0x2ae /tmp/ccOfrqAI.o
                                        0x5ce (size before relaxing)
 .debug_str     0x0000000000001038      0x139 /tmp/ccs8m0sh.o
                                        0x4ba (size before relaxing)

.debug_loc
 *(.debug_loc)

.debug_macinfo
 *(.debug_macinfo)

.debug_weaknames
 *(.debug_weaknames)

.debug_funcnames
 *(.debug_funcnames)

.debug_typenames
 *(.debug_typenames)

.debug_varnames
 *(.debug_varnames)

.debug_pubtypes
 *(.debug_pubtypes)

.debug_ranges
 *(.debug_ranges)

.debug_macro
 *(.debug_macro)

.gnu.attributes
 *(.gnu.attributes)

/DISCARD/
 *(.note.GNU-stack)
 *(.gnu_debuglink)
 *(.gnu.lto_*)
OUTPUT(ezapp elf64-x86-64)
